IQ-TREE multicore version 2.2.2.3 COVID-edition for Linux 64-bit built Apr  7 2023
Developed by Bui Quang Minh, James Barbetti, Nguyen Lam Tung,
Olga Chernomor, Heiko Schmidt, Dominik Schrempf, Michael Woodhams, Ly Trong Nhan.

Host:    64923e67824f (AVX512, FMA3, 62 GB RAM)
Command: iqtree -T AUTO --threads-max 2 -s /app/outputs/analyses/582/20250510T135051/between_profile_distances/C/clade_C_seqs.aligned.fasta
Seed:    769565 (Using SPRNG - Scalable Parallel Random Number Generator)
Time:    Sat May 10 08:51:12 2025
Kernel:  AVX+FMA - auto-detect threads (36 CPU cores detected)

Reading alignment file /app/outputs/analyses/582/20250510T135051/between_profile_distances/C/clade_C_seqs.aligned.fasta ... Fasta format detected
Reading fasta file: done in 0.0295479 secs
Alignment most likely contains DNA/RNA sequences
Constructing alignment: done in 0.000793934 secs using 611.5% CPU
Alignment has 12 sequences with 265 columns, 21 distinct patterns
7 parsimony-informative, 9 singleton sites, 249 constant sites
       Gap/Ambiguity  Composition  p-value
Analyzing sequences: done in 5.98431e-05 secs using 3157% CPU
   1  14272    0.75%    passed     99.80%
   2  611      0.75%    passed     99.80%
   3  517      0.75%    passed    100.00%
   4  1574     0.38%    passed     99.49%
   5  714      0.75%    passed     99.81%
   6  523      0.75%    passed     99.93%
   7  9779     0.38%    passed     98.18%
   8  5364     0.75%    passed     99.76%
   9  9780     0.38%    passed     98.79%
  10  632      0.75%    passed     99.87%
  11  10874    0.75%    passed     99.93%
  12  23166    2.26%    passed     99.87%
****  TOTAL    0.79%  0 sequences failed composition chi2 test (p-value<5%; df=3)
Checking for duplicate sequences: done in 0.000124931 secs using 2534% CPU


Create initial parsimony tree by phylogenetic likelihood library (PLL)... 0.027 seconds
Measuring multi-threading efficiency up to 2 CPU cores
Increase to 10 rounds for branch lengths
7468 trees examined
Threads: 1 / Time: 2.000 sec / Speedup: 1.000 / Efficiency: 100% / LogL: -493
Threads: 2 / Time: 2.141 sec / Speedup: 0.934 / Efficiency: 47% / LogL: -493
Determining AUTO threadcount: done in 4.14115 secs using 301.6% CPU
BEST NUMBER OF THREADS: 1

Perform fast likelihood tree search using GTR+I+G model...
Estimate model parameters (epsilon = 5.000)
Perform nearest neighbor interchange...
Optimizing NNI: done in 0.0004251 secs using 186.8% CPU
Estimate model parameters (epsilon = 1.000)
1. Initial log-likelihood: -459.164
Optimal log-likelihood: -459.029
Rate parameters:  A-C: 0.00010  A-G: 2.21827  A-T: 0.00010  C-G: 1.23603  C-T: 4.79128  G-T: 1.00000
Warning! Some parameters hit the boundaries
Base frequencies:  A: 0.163  C: 0.247  G: 0.242  T: 0.347
Proportion of invariable sites: 0.465
Gamma shape alpha: 998.447
Parameters optimization took 1 rounds (0.001 sec)
Time for fast ML tree search: 0.004 seconds

NOTE: ModelFinder requires 0 MB RAM!
ModelFinder will test up to 484 DNA models (sample size: 265) ...
 No. Model         -LnL         df  AIC          AICc         BIC
  1  GTR+F         458.575      29  975.151      982.555      1078.963
  2  GTR+F+I       458.477      30  976.955      984.903      1084.347
  3  GTR+F+G4      458.478      30  976.955      984.904      1084.347
  4  GTR+F+I+G4    458.891      31  979.782      988.297      1090.753
  5  GTR+F+R2      458.687      31  979.375      987.890      1090.346
  6  GTR+F+R3      458.645      33  983.290      993.004      1101.421
 14  GTR+F+I+R2    458.999      32  981.997      991.101      1096.549
 15  GTR+F+I+R3    458.948      34  985.897      996.245      1107.608
 23  SYM           467.913      26  987.825      993.725      1080.898
 24  SYM+I         467.912      27  989.825      996.205      1086.478
 25  SYM+G4        467.913      27  989.826      996.206      1086.479
 45  TVM+F         458.967      28  973.935      980.816      1074.167
 46  TVM+F+I       458.948      29  975.895      983.299      1079.707
 47  TVM+F+G4      458.948      29  975.896      983.300      1079.708
 67  TVMe          469.164      25  988.328      993.768      1077.822
 68  TVMe+I        469.146      26  990.292      996.191      1083.365
 69  TVMe+G4       469.146      26  990.293      996.192      1083.366
 89  TIM3+F        460.985      27  975.970      982.350      1072.623
 90  TIM3+F+I      460.985      28  977.970      984.851      1078.202
 91  TIM3+F+G4     460.985      28  977.970      984.852      1078.203
111  TIM3e         470.897      24  989.793      994.793      1075.707
112  TIM3e+I       470.896      25  991.793      997.232      1081.286
113  TIM3e+G4      470.897      25  991.794      997.233      1081.287
133  TIM2+F        458.419      27  970.838      977.218      1067.491
134  TIM2+F+I      458.417      28  972.834      979.716      1073.067
135  TIM2+F+G4     458.417      28  972.835      979.716      1073.067
155  TIM2e         467.839      24  983.679      988.679      1069.592
156  TIM2e+I       467.839      25  985.677      991.117      1075.171
157  TIM2e+G4      467.839      25  985.678      991.118      1075.171
177  TIM+F         460.923      27  975.845      982.225      1072.498
178  TIM+F+I       460.923      28  977.846      984.727      1078.078
179  TIM+F+G4      460.923      28  977.846      984.728      1078.079
199  TIMe          470.824      24  989.649      994.649      1075.562
200  TIMe+I        470.824      25  991.649      997.088      1081.142
201  TIMe+G4       470.825      25  991.650      997.089      1081.143
221  TPM3u+F       461.505      26  975.009      980.908      1068.082
222  TPM3u+F+I     461.504      27  977.009      983.388      1073.661
223  TPM3u+F+G4    461.505      27  977.009      983.389      1073.662
243  TPM3          472.183      23  990.365      994.946      1072.699
244  TPM3+I        472.183      24  992.365      997.365      1078.279
245  TPM3+G4       472.183      24  992.366      997.366      1078.279
265  TPM2u+F       458.945      26  969.890      975.789      1062.963
266  TPM2u+F+I     458.941      27  971.883      978.263      1068.536
267  TPM2u+F+G4    458.942      27  971.884      978.263      1068.536
287  TPM2          469.136      23  984.272      988.853      1066.605
288  TPM2+I        469.136      24  986.272      991.272      1072.185
289  TPM2+G4       469.136      24  986.272      991.272      1072.186
309  K3Pu+F        461.443      26  974.886      980.785      1067.959
310  K3Pu+F+I      461.443      27  976.886      983.265      1073.538
311  K3Pu+F+G4     461.443      27  976.886      983.266      1073.539
331  K3P           472.113      23  990.225      994.806      1072.559
332  K3P+I         472.113      24  992.225      997.225      1078.139
333  K3P+G4        472.113      24  992.226      997.226      1078.139
353  TN+F          460.986      26  973.972      979.871      1067.045
354  TN+F+I        460.986      27  975.972      982.351      1072.624
355  TN+F+G4       460.986      27  975.973      982.353      1072.626
375  TNe           470.916      23  987.831      992.412      1070.165
376  TNe+I         470.916      24  989.831      994.831      1075.745
377  TNe+G4        470.916      24  989.832      994.832      1075.745
397  HKY+F         461.505      25  973.011      978.450      1062.504
398  HKY+F+I       461.505      26  975.011      980.910      1068.084
399  HKY+F+G4      461.506      26  975.012      980.911      1068.085
419  K2P           472.203      22  988.405      992.587      1067.160
420  K2P+I         472.203      23  990.406      994.986      1072.739
421  K2P+G4        472.203      23  990.406      994.987      1072.740
441  F81+F         465.472      24  978.945      983.945      1064.858
442  F81+F+I       465.472      25  980.945      986.384      1070.438
443  F81+F+G4      465.473      25  980.945      986.384      1070.438
463  JC            476.374      21  994.749      998.551      1069.923
464  JC+I          476.374      22  996.749      1000.931     1075.503
465  JC+G4         476.375      22  996.750      1000.931     1075.504
Akaike Information Criterion:           TPM2u+F
Corrected Akaike Information Criterion: TPM2u+F
Bayesian Information Criterion:         HKY+F
Best-fit model: HKY+F chosen according to BIC

All model information printed to /app/outputs/analyses/582/20250510T135051/between_profile_distances/C/clade_C_seqs.aligned.fasta.model.gz
CPU time for ModelFinder: 14.695 seconds (0h:0m:14s)
Wall-clock time for ModelFinder: 4.303 seconds (0h:0m:4s)

NOTE: 0 MB RAM (0 GB) is required!
Estimate model parameters (epsilon = 0.100)
1. Initial log-likelihood: -461.505
Optimal log-likelihood: -461.505
Rate parameters:  A-C: 1.00000  A-G: 4.29622  A-T: 1.00000  C-G: 1.00000  C-T: 4.29622  G-T: 1.00000
Base frequencies:  A: 0.163  C: 0.247  G: 0.242  T: 0.347
Parameters optimization took 1 rounds (0.000 sec)
Wrote distance file to... 
Computing ML distances based on estimated model parameters...
Calculating distance matrix: done in 0.000253916 secs using 192.6% CPU
Computing ML distances took 0.000275 sec (of wall-clock time) 0.000539 sec (of CPU time)
Setting up auxiliary I and S matrices: done in 3.50475e-05 secs using 97.01% CPU
Constructing RapidNJ tree: done in 3.00407e-05 secs using 838.9% CPU
Computing RapidNJ tree took 0.000091 sec (of wall-clock time) 0.000311 sec (of CPU time)
Log-likelihood of RapidNJ tree: -461.510
--------------------------------------------------------------------
|             INITIALIZING CANDIDATE TREE SET                      |
--------------------------------------------------------------------
Generating 98 parsimony trees... 0.011 second
Computing log-likelihood of 98 initial trees ... 0.011 seconds
Current best score: -461.505

Do NNI search on 20 best initial trees
Optimizing NNI: done in 0.000261068 secs using 199.2% CPU
Estimate model parameters (epsilon = 0.100)
BETTER TREE FOUND at iteration 1: -461.505
Optimizing NNI: done in 0.000236034 secs using 198.3% CPU
Optimizing NNI: done in 0.000246048 secs using 197.9% CPU
Optimizing NNI: done in 0.000240088 secs using 199.1% CPU
BETTER TREE FOUND at iteration 4: -461.505
Optimizing NNI: done in 0.000243902 secs using 199.7% CPU
Optimizing NNI: done in 0.000251055 secs using 199.2% CPU
Optimizing NNI: done in 0.000236988 secs using 197.9% CPU
Optimizing NNI: done in 0.000235081 secs using 199.1% CPU
Optimizing NNI: done in 0.000238895 secs using 198.4% CPU
Optimizing NNI: done in 0.000236988 secs using 197.9% CPU
Iteration 10 / LogL: -461.505 / Time: 0h:0m:0s
Optimizing NNI: done in 0.000233889 secs using 199.7% CPU
Optimizing NNI: done in 0.000257015 secs using 198.8% CPU
Optimizing NNI: done in 0.000238895 secs using 200.1% CPU
Optimizing NNI: done in 0.000241041 secs using 198.7% CPU
BETTER TREE FOUND at iteration 14: -461.505
Optimizing NNI: done in 0.000247002 secs using 199.6% CPU
BETTER TREE FOUND at iteration 15: -461.505
Optimizing NNI: done in 0.000235081 secs using 198.7% CPU
Optimizing NNI: done in 0.000234127 secs using 199.5% CPU
Optimizing NNI: done in 0.000259161 secs using 197.2% CPU
Optimizing NNI: done in 0.000236988 secs using 197.9% CPU
Optimizing NNI: done in 0.00023818 secs using 197.7% CPU
Iteration 20 / LogL: -461.505 / Time: 0h:0m:0s
Finish initializing candidate tree set (20)
Current best tree score: -461.505 / CPU time: 0.029
Number of iterations: 20
--------------------------------------------------------------------
|               OPTIMIZING CANDIDATE TREE SET                      |
--------------------------------------------------------------------
Optimizing NNI: done in 0.000737906 secs using 162.1% CPU
Optimizing NNI: done in 0.000227928 secs using 197.9% CPU
Optimizing NNI: done in 0.000236034 secs using 198.3% CPU
Optimizing NNI: done in 0.000524998 secs using 199.8% CPU
Optimizing NNI: done in 0.000245094 secs using 197.1% CPU
Optimizing NNI: done in 0.000241041 secs using 198.3% CPU
Optimizing NNI: done in 0.000250101 secs using 196.7% CPU
Optimizing NNI: done in 0.000238895 secs using 198.4% CPU
Optimizing NNI: done in 0.000567913 secs using 198.4% CPU
Optimizing NNI: done in 0.000255108 secs using 198.3% CPU
Iteration 30 / LogL: -461.505 / Time: 0h:0m:0s (0h:0m:0s left)
Optimizing NNI: done in 0.000244141 secs using 200.3% CPU
Optimizing NNI: done in 0.000236034 secs using 197.4% CPU
Optimizing NNI: done in 0.000239849 secs using 199.3% CPU
Optimizing NNI: done in 0.000720024 secs using 199.3% CPU
Optimizing NNI: done in 0.000236034 secs using 198.7% CPU
BETTER TREE FOUND at iteration 35: -461.505
Optimizing NNI: done in 0.000237942 secs using 199.6% CPU
Optimizing NNI: done in 0.000242949 secs using 199.2% CPU
Optimizing NNI: done in 0.000239849 secs using 198.9% CPU
BETTER TREE FOUND at iteration 38: -461.505
Optimizing NNI: done in 0.000242949 secs
Optimizing NNI: done in 0.000500202 secs using 179.7% CPU
Iteration 40 / LogL: -461.506 / Time: 0h:0m:0s (0h:0m:0s left)
Optimizing NNI: done in 0.000498056 secs using 199.6% CPU
Optimizing NNI: done in 0.000240088 secs using 199.1% CPU
BETTER TREE FOUND at iteration 42: -461.505
Optimizing NNI: done in 0.000229836 secs using 198.8% CPU
BETTER TREE FOUND at iteration 43: -461.505
Optimizing NNI: done in 0.000255108 secs using 199.1% CPU
Optimizing NNI: done in 0.000509977 secs using 198.8% CPU
Optimizing NNI: done in 0.000241995 secs using 197.9% CPU
Optimizing NNI: done in 0.000751972 secs using 138.6% CPU
Optimizing NNI: done in 0.000235081 secs using 129.7% CPU
Optimizing NNI: done in 0.000247002 secs using 197.2% CPU
Optimizing NNI: done in 0.00049901 secs using 200% CPU
Iteration 50 / LogL: -461.506 / Time: 0h:0m:0s (0h:0m:0s left)
Optimizing NNI: done in 0.000243902 secs using 199.3% CPU
Optimizing NNI: done in 0.000233889 secs using 199.2% CPU
Optimizing NNI: done in 0.000500917 secs using 197.4% CPU
Optimizing NNI: done in 0.000555992 secs using 199.3% CPU
Optimizing NNI: done in 0.000507116 secs using 199.6% CPU
Optimizing NNI: done in 0.000246048 secs using 198.3% CPU
Optimizing NNI: done in 0.000225067 secs using 199.1% CPU
Optimizing NNI: done in 0.000233889 secs using 197.1% CPU
Optimizing NNI: done in 0.000236988 secs using 198.7% CPU
Optimizing NNI: done in 0.000247955 secs using 197.6% CPU
Iteration 60 / LogL: -461.505 / Time: 0h:0m:0s (0h:0m:0s left)
Optimizing NNI: done in 0.000241995 secs using 199.6% CPU
Optimizing NNI: done in 0.000239134 secs using 199.5% CPU
Optimizing NNI: done in 0.000232935 secs using 200.1% CPU
Optimizing NNI: done in 0.000229836 secs using 196.7% CPU
Optimizing NNI: done in 0.00049901 secs using 198.6% CPU
Optimizing NNI: done in 0.000247002 secs using 198.8% CPU
Optimizing NNI: done in 0.000235081 secs using 199.1% CPU
Optimizing NNI: done in 0.000458002 secs using 199.6% CPU
Optimizing NNI: done in 0.000638008 secs using 199.7% CPU
Optimizing NNI: done in 0.000461102 secs using 198.9% CPU
Iteration 70 / LogL: -494.743 / Time: 0h:0m:0s (0h:0m:0s left)
Optimizing NNI: done in 0.000439882 secs using 200.3% CPU
Optimizing NNI: done in 0.000238895 secs using 197.6% CPU
Optimizing NNI: done in 0.000238895 secs using 199.7% CPU
Optimizing NNI: done in 0.000234842 secs using 199.3% CPU
Optimizing NNI: done in 0.000241995 secs
Optimizing NNI: done in 0.000232935 secs using 153.3% CPU
BETTER TREE FOUND at iteration 76: -461.505
Optimizing NNI: done in 0.000511169 secs using 198.8% CPU
Optimizing NNI: done in 0.000484943 secs using 199.2% CPU
Optimizing NNI: done in 0.000742197 secs using 198.6% CPU
Optimizing NNI: done in 0.00023818 secs
Iteration 80 / LogL: -461.505 / Time: 0h:0m:0s (0h:0m:0s left)
Optimizing NNI: done in 0.000530005 secs using 192.8% CPU
Optimizing NNI: done in 0.000238895 secs using 199.7% CPU
Optimizing NNI: done in 0.000483036 secs using 196.3% CPU
Optimizing NNI: done in 0.000237942 secs using 197.5% CPU
Optimizing NNI: done in 0.000238895 secs using 197.2% CPU
Optimizing NNI: done in 0.000226021 secs using 200.4% CPU
Optimizing NNI: done in 0.000503063 secs using 198.8% CPU
Optimizing NNI: done in 0.000234127 secs using 199.5% CPU
Optimizing NNI: done in 0.000241041 secs using 198.7% CPU
Optimizing NNI: done in 0.000231981 secs using 197.9% CPU
Iteration 90 / LogL: -461.505 / Time: 0h:0m:0s (0h:0m:0s left)
Optimizing NNI: done in 0.000231981 secs using 200.4% CPU
Optimizing NNI: done in 0.00048399 secs using 199% CPU
Optimizing NNI: done in 0.000917912 secs using 199.9% CPU
Optimizing NNI: done in 0.000228882 secs using 199.2% CPU
Optimizing NNI: done in 0.000241995 secs using 197.9% CPU
Optimizing NNI: done in 0.000236034 secs using 198.7% CPU
Optimizing NNI: done in 0.00049305 secs using 13.39% CPU
Optimizing NNI: done in 0.000236988 secs using 187.4% CPU
Optimizing NNI: done in 0.000231981 secs using 198.3% CPU
Optimizing NNI: done in 0.000464916 secs using 199.2% CPU
Iteration 100 / LogL: -461.506 / Time: 0h:0m:0s (0h:0m:0s left)
Optimizing NNI: done in 0.000444889 secs using 199.8% CPU
Optimizing NNI: done in 0.000241995 secs using 198.4% CPU
Optimizing NNI: done in 0.000231028 secs using 200% CPU
Optimizing NNI: done in 0.000442028 secs using 199.8% CPU
Optimizing NNI: done in 0.000238895 secs using 196.3% CPU
Optimizing NNI: done in 0.000231028 secs using 198.7% CPU
Optimizing NNI: done in 0.000517845 secs using 198.9% CPU
Optimizing NNI: done in 0.000432968 secs using 199.1% CPU
Optimizing NNI: done in 0.000477076 secs using 199.8% CPU
Optimizing NNI: done in 0.000236988 secs using 198.3% CPU
Iteration 110 / LogL: -461.505 / Time: 0h:0m:0s (0h:0m:0s left)
Optimizing NNI: done in 0.000245094 secs using 197.1% CPU
Optimizing NNI: done in 0.000231981 secs using 197.9% CPU
Optimizing NNI: done in 0.000468969 secs using 198.9% CPU
Optimizing NNI: done in 0.000231981 secs using 200.4% CPU
Optimizing NNI: done in 0.000236034 secs using 197.4% CPU
Optimizing NNI: done in 0.000241041 secs using 198.7% CPU
Optimizing NNI: done in 0.000241995 secs using 198.4% CPU
Optimizing NNI: done in 0.000506163 secs using 199.5% CPU
Optimizing NNI: done in 0.000472069 secs using 199.3% CPU
Optimizing NNI: done in 0.000252008 secs using 199.2% CPU
Iteration 120 / LogL: -461.505 / Time: 0h:0m:0s (0h:0m:0s left)
Optimizing NNI: done in 0.000503063 secs using 199.6% CPU
Optimizing NNI: done in 0.000194073 secs using 197.9% CPU
Optimizing NNI: done in 0.000257015 secs using 198% CPU
Optimizing NNI: done in 0.000235081 secs using 199.1% CPU
Optimizing NNI: done in 0.00022912 secs using 199.5% CPU
BETTER TREE FOUND at iteration 125: -461.505
Optimizing NNI: done in 0.000249147 secs using 198.3% CPU
Optimizing NNI: done in 0.000560999 secs using 198.9% CPU
Optimizing NNI: done in 0.000247002 secs using 200.8% CPU
Optimizing NNI: done in 0.00024581 secs using 200.2% CPU
Optimizing NNI: done in 0.000236034 secs using 198.7% CPU
Iteration 130 / LogL: -461.505 / Time: 0h:0m:0s (0h:0m:0s left)
Optimizing NNI: done in 0.000227928 secs using 197.4% CPU
Optimizing NNI: done in 0.000234842 secs using 199.3% CPU
Optimizing NNI: done in 0.00022006 secs using 198.1% CPU
Optimizing NNI: done in 0.000231028 secs using 197.4% CPU
BETTER TREE FOUND at iteration 134: -461.505
Optimizing NNI: done in 0.00052309 secs using 199% CPU
Optimizing NNI: done in 0.00043416 secs using 199.2% CPU
Optimizing NNI: done in 0.000405073 secs using 199.5% CPU
Optimizing NNI: done in 0.000221014 secs using 198.2% CPU
Optimizing NNI: done in 0.000229836 secs using 196.7% CPU
Optimizing NNI: done in 0.000223875 secs using 199.2% CPU
Iteration 140 / LogL: -461.505 / Time: 0h:0m:0s (0h:0m:0s left)
Optimizing NNI: done in 0.000221014 secs using 198.2% CPU
Optimizing NNI: done in 0.00043416 secs using 199.9% CPU
Optimizing NNI: done in 0.000455141 secs using 198.8% CPU
Optimizing NNI: done in 0.000232935 secs using 197.1% CPU
Optimizing NNI: done in 0.000234127 secs using 196.9% CPU
Optimizing NNI: done in 0.000247955 secs using 197.2% CPU
Optimizing NNI: done in 0.000445843 secs using 199.8% CPU
Optimizing NNI: done in 0.000239849 secs using 198.5% CPU
Optimizing NNI: done in 0.000243902 secs using 199.3% CPU
Optimizing NNI: done in 0.000230074 secs using 197.8% CPU
Iteration 150 / LogL: -461.505 / Time: 0h:0m:0s (0h:0m:0s left)
Optimizing NNI: done in 0.000452995 secs using 198.5% CPU
Optimizing NNI: done in 0.000723839 secs using 199.5% CPU
Optimizing NNI: done in 0.000241995 secs using 198.4% CPU
Optimizing NNI: done in 0.000481129 secs using 69.84% CPU
Optimizing NNI: done in 0.000244141 secs using 189.2% CPU
Optimizing NNI: done in 0.000237942 secs
Optimizing NNI: done in 0.000243902 secs using 187.8% CPU
Optimizing NNI: done in 0.000238895 secs using 199.7% CPU
BETTER TREE FOUND at iteration 158: -461.505
Optimizing NNI: done in 0.000257015 secs using 199.2% CPU
Optimizing NNI: done in 0.000555992 secs using 198.9% CPU
Iteration 160 / LogL: -461.506 / Time: 0h:0m:0s (0h:0m:0s left)
Optimizing NNI: done in 0.000756025 secs using 200.1% CPU
Optimizing NNI: done in 0.000475168 secs using 198.9% CPU
Optimizing NNI: done in 0.000243902 secs using 200.1% CPU
Optimizing NNI: done in 0.000438929 secs
Optimizing NNI: done in 0.000234127 secs using 188.8% CPU
BETTER TREE FOUND at iteration 165: -461.505
Optimizing NNI: done in 0.000407934 secs using 199.5% CPU
Optimizing NNI: done in 0.000240088 secs using 199.1% CPU
Optimizing NNI: done in 0.000249863 secs using 198.5% CPU
Optimizing NNI: done in 0.000231981 secs using 198.3% CPU
Optimizing NNI: done in 0.000458956 secs using 197.4% CPU
Iteration 170 / LogL: -494.743 / Time: 0h:0m:0s (0h:0m:0s left)
Optimizing NNI: done in 0.000482082 secs using 198.9% CPU
Optimizing NNI: done in 0.000417948 secs using 199.8% CPU
Optimizing NNI: done in 0.000227213 secs using 197.6% CPU
Optimizing NNI: done in 0.000245094 secs using 198.3% CPU
Optimizing NNI: done in 0.00045085 secs using 200.1% CPU
Optimizing NNI: done in 0.000249863 secs using 198.5% CPU
Optimizing NNI: done in 0.000231028 secs using 198.7% CPU
Optimizing NNI: done in 0.000519991 secs using 198.7% CPU
Optimizing NNI: done in 0.000241995 secs using 198.4% CPU
Optimizing NNI: done in 0.000251055 secs using 198.4% CPU
Iteration 180 / LogL: -461.505 / Time: 0h:0m:0s (0h:0m:0s left)
Optimizing NNI: done in 0.000646114 secs using 199.5% CPU
Optimizing NNI: done in 0.000436068 secs using 198.8% CPU
Optimizing NNI: done in 0.000239849 secs using 198.9% CPU
Optimizing NNI: done in 0.000233889 secs using 199.2% CPU
Optimizing NNI: done in 0.000727177 secs using 199.8% CPU
Optimizing NNI: done in 0.000226974 secs using 197.4% CPU
Optimizing NNI: done in 0.000505924 secs using 200% CPU
Optimizing NNI: done in 0.000531912 secs using 198.7% CPU
Optimizing NNI: done in 0.000234842 secs using 198.9% CPU
Optimizing NNI: done in 0.000239134 secs using 199.5% CPU
Iteration 190 / LogL: -461.505 / Time: 0h:0m:0s (0h:0m:0s left)
Optimizing NNI: done in 0.000473022 secs using 199.8% CPU
Optimizing NNI: done in 0.000234842 secs using 199.3% CPU
Optimizing NNI: done in 0.000229836 secs using 198.8% CPU
Optimizing NNI: done in 0.000244856 secs using 199.7% CPU
Optimizing NNI: done in 0.000250101 secs using 198.3% CPU
Optimizing NNI: done in 0.000248194 secs using 199.8% CPU
Optimizing NNI: done in 0.000241995 secs using 198.4% CPU
Optimizing NNI: done in 0.000241041 secs using 198.7% CPU
Optimizing NNI: done in 0.000231981 secs using 200% CPU
Optimizing NNI: done in 0.000417948 secs using 198.8% CPU
Iteration 200 / LogL: -461.505 / Time: 0h:0m:0s (0h:0m:0s left)
Optimizing NNI: done in 0.000695944 secs using 198.9% CPU
Optimizing NNI: done in 0.000231981 secs using 197.9% CPU
Optimizing NNI: done in 0.000192165 secs using 197.2% CPU
Optimizing NNI: done in 0.000467062 secs using 200% CPU
Optimizing NNI: done in 0.000236034 secs using 197.9% CPU
Optimizing NNI: done in 0.000241041 secs using 198.7% CPU
Optimizing NNI: done in 0.000236034 secs using 198.7% CPU
Optimizing NNI: done in 0.000247002 secs using 198.8% CPU
Optimizing NNI: done in 0.000239849 secs using 198.9% CPU
Optimizing NNI: done in 0.000464916 secs using 199% CPU
Iteration 210 / LogL: -461.506 / Time: 0h:0m:0s (0h:0m:0s left)
Optimizing NNI: done in 0.000244141 secs using 199.1% CPU
Optimizing NNI: done in 0.000247955 secs using 197.2% CPU
BETTER TREE FOUND at iteration 212: -461.505
Optimizing NNI: done in 0.00057888 secs using 199.7% CPU
Optimizing NNI: done in 0.000236988 secs using 198.3% CPU
Optimizing NNI: done in 0.000236988 secs using 198.3% CPU
Optimizing NNI: done in 0.000241041 secs using 196.2% CPU
Optimizing NNI: done in 0.000231981 secs using 200.4% CPU
Optimizing NNI: done in 0.000230074 secs using 198.2% CPU
Optimizing NNI: done in 0.000231981 secs using 200.9% CPU
Optimizing NNI: done in 0.000252962 secs using 199.6% CPU
Iteration 220 / LogL: -461.505 / Time: 0h:0m:0s (0h:0m:0s left)
Optimizing NNI: done in 0.00049305 secs using 200.2% CPU
Optimizing NNI: done in 0.000235081 secs
Optimizing NNI: done in 0.000226974 secs using 153.3% CPU
Optimizing NNI: done in 0.000244141 secs using 188.8% CPU
Optimizing NNI: done in 0.000453949 secs using 200.7% CPU
Optimizing NNI: done in 0.000236988 secs using 200% CPU
Optimizing NNI: done in 0.000520945 secs using 199.8% CPU
Optimizing NNI: done in 0.000499964 secs using 198.2% CPU
Optimizing NNI: done in 0.000455141 secs using 199.1% CPU
Optimizing NNI: done in 0.000240088 secs using 199.1% CPU
Iteration 230 / LogL: -461.505 / Time: 0h:0m:0s (0h:0m:0s left)
Optimizing NNI: done in 0.000243902 secs using 197.2% CPU
Optimizing NNI: done in 0.000566006 secs using 199.3% CPU
Optimizing NNI: done in 0.000467062 secs using 199.1% CPU
Optimizing NNI: done in 0.000233889 secs using 199.2% CPU
Optimizing NNI: done in 0.000236034 secs using 198.3% CPU
Optimizing NNI: done in 0.00048995 secs using 199.4% CPU
Optimizing NNI: done in 0.00023818 secs using 194.8% CPU
Optimizing NNI: done in 0.000236988 secs using 200.4% CPU
Optimizing NNI: done in 0.000451088 secs using 199.5% CPU
Optimizing NNI: done in 0.000458002 secs using 198.5% CPU
Iteration 240 / LogL: -461.506 / Time: 0h:0m:0s (0h:0m:0s left)
Optimizing NNI: done in 0.000254869 secs using 198.5% CPU
Optimizing NNI: done in 0.000241995 secs using 198.4% CPU
Optimizing NNI: done in 0.00022912 secs using 199% CPU
Optimizing NNI: done in 0.000236988 secs using 200% CPU
Optimizing NNI: done in 0.00051403 secs using 200.2% CPU
Optimizing NNI: done in 0.000496864 secs using 199.2% CPU
Optimizing NNI: done in 0.000250101 secs using 198.7% CPU
Optimizing NNI: done in 0.000500917 secs using 199.4% CPU
Optimizing NNI: done in 0.00044179 secs using 199% CPU
Optimizing NNI: done in 0.000238895 secs using 199.7% CPU
Iteration 250 / LogL: -461.505 / Time: 0h:0m:0s (0h:0m:0s left)
Optimizing NNI: done in 0.000237942 secs using 198.8% CPU
Optimizing NNI: done in 0.000251055 secs using 198.8% CPU
Optimizing NNI: done in 0.000675917 secs using 199.6% CPU
Optimizing NNI: done in 0.000234127 secs using 199.5% CPU
Optimizing NNI: done in 0.00052309 secs using 199.2% CPU
Optimizing NNI: done in 0.000231981 secs using 197.4% CPU
Optimizing NNI: done in 0.000239849 secs using 198.9% CPU
Optimizing NNI: done in 0.000240803 secs using 198.9% CPU
Optimizing NNI: done in 0.000526905 secs using 199.8% CPU
Optimizing NNI: done in 0.000234127 secs using 199% CPU
Iteration 260 / LogL: -461.505 / Time: 0h:0m:0s (0h:0m:0s left)
Optimizing NNI: done in 0.000228882 secs using 200.1% CPU
Optimizing NNI: done in 0.000241041 secs using 198.7% CPU
Optimizing NNI: done in 0.000447989 secs using 198.9% CPU
Optimizing NNI: done in 0.000232935 secs using 197.5% CPU
Optimizing NNI: done in 0.000256062 secs using 199.6% CPU
Optimizing NNI: done in 0.000233889 secs using 199.2% CPU
Optimizing NNI: done in 0.000231028 secs using 198.2% CPU
Optimizing NNI: done in 0.000385046 secs using 199.5% CPU
Optimizing NNI: done in 0.000236034 secs using 198.3% CPU
Optimizing NNI: done in 0.000230074 secs using 198.6% CPU
Iteration 270 / LogL: -461.505 / Time: 0h:0m:0s (0h:0m:0s left)
Optimizing NNI: done in 0.000228882 secs using 199.2% CPU
Optimizing NNI: done in 0.00022912 secs using 200.8% CPU
Optimizing NNI: done in 0.000240803 secs using 198.5% CPU
Optimizing NNI: done in 0.00018096 secs using 199.5% CPU
Optimizing NNI: done in 0.000233173 secs using 197.7% CPU
Optimizing NNI: done in 0.000243902 secs using 197.6% CPU
Optimizing NNI: done in 0.000250101 secs using 198.3% CPU
Optimizing NNI: done in 0.000235081 secs using 198.7% CPU
Optimizing NNI: done in 0.000231981 secs using 200% CPU
Optimizing NNI: done in 0.000239849 secs using 199.3% CPU
Iteration 280 / LogL: -461.505 / Time: 0h:0m:0s (0h:0m:0s left)
Optimizing NNI: done in 0.000427961 secs using 199.1% CPU
Optimizing NNI: done in 0.000451088 secs using 200.2% CPU
Optimizing NNI: done in 0.000246048 secs using 198.3% CPU
Optimizing NNI: done in 0.000228882 secs using 197% CPU
Optimizing NNI: done in 0.000454903 secs using 199.2% CPU
Optimizing NNI: done in 0.000488043 secs using 199% CPU
Optimizing NNI: done in 0.000236988 secs using 200% CPU
Optimizing NNI: done in 0.000232935 secs using 200.1% CPU
Optimizing NNI: done in 0.000236988 secs using 198.3% CPU
Optimizing NNI: done in 0.000432968 secs using 199.1% CPU
Iteration 290 / LogL: -461.506 / Time: 0h:0m:0s (0h:0m:0s left)
Optimizing NNI: done in 0.000232935 secs using 197.9% CPU
Optimizing NNI: done in 0.000229836 secs using 199.7% CPU
Optimizing NNI: done in 0.000528812 secs using 199.7% CPU
Optimizing NNI: done in 0.000262022 secs using 198.1% CPU
Optimizing NNI: done in 0.000250816 secs using 200.1% CPU
Optimizing NNI: done in 0.000262976 secs using 200.4% CPU
Optimizing NNI: done in 0.000251055 secs using 198.8% CPU
Optimizing NNI: done in 0.000243902 secs using 198.9% CPU
Optimizing NNI: done in 0.000444174 secs using 199% CPU
Optimizing NNI: done in 0.000237226 secs using 199% CPU
Iteration 300 / LogL: -461.505 / Time: 0h:0m:0s (0h:0m:0s left)
Optimizing NNI: done in 0.000444889 secs using 200% CPU
Optimizing NNI: done in 0.000231981 secs using 197% CPU
Optimizing NNI: done in 0.000238895 secs using 197.6% CPU
Optimizing NNI: done in 0.000231981 secs using 197.9% CPU
Optimizing NNI: done in 0.000725031 secs using 199.7% CPU
Optimizing NNI: done in 0.000241041 secs using 197.9% CPU
Optimizing NNI: done in 0.000189066 secs using 200.5% CPU
Optimizing NNI: done in 0.000244141 secs using 199.5% CPU
Optimizing NNI: done in 0.000229836 secs
Optimizing NNI: done in 0.000494957 secs using 193.8% CPU
Iteration 310 / LogL: -461.506 / Time: 0h:0m:0s (0h:0m:0s left)
Optimizing NNI: done in 0.000241995 secs using 198.4% CPU
Optimizing NNI: done in 0.000228882 secs using 195.3% CPU
Optimizing NNI: done in 0.000235081 secs using 197.4% CPU
TREE SEARCH COMPLETED AFTER 313 ITERATIONS / Time: 0h:0m:0s

--------------------------------------------------------------------
|                    FINALIZING TREE SEARCH                        |
--------------------------------------------------------------------
Performs final model parameters optimization
Estimate model parameters (epsilon = 0.010)
1. Initial log-likelihood: -461.505
Optimal log-likelihood: -461.505
Rate parameters:  A-C: 1.00000  A-G: 4.28951  A-T: 1.00000  C-G: 1.00000  C-T: 4.28951  G-T: 1.00000
Base frequencies:  A: 0.163  C: 0.247  G: 0.242  T: 0.347
Parameters optimization took 1 rounds (0.000 sec)
BEST SCORE FOUND : -461.505
Total tree length: 0.062

Total number of iterations: 313
CPU time used for tree search: 0.344 sec (0h:0m:0s)
Wall-clock time used for tree search: 0.177 sec (0h:0m:0s)
Total CPU time used: 0.357 sec (0h:0m:0s)
Total wall-clock time used: 0.184 sec (0h:0m:0s)

Analysis results written to: 
  IQ-TREE report:                /app/outputs/analyses/582/20250510T135051/between_profile_distances/C/clade_C_seqs.aligned.fasta.iqtree
  Maximum-likelihood tree:       /app/outputs/analyses/582/20250510T135051/between_profile_distances/C/clade_C_seqs.aligned.fasta.treefile
  Likelihood distances:          /app/outputs/analyses/582/20250510T135051/between_profile_distances/C/clade_C_seqs.aligned.fasta.mldist
  Screen log file:               /app/outputs/analyses/582/20250510T135051/between_profile_distances/C/clade_C_seqs.aligned.fasta.log

Date and Time: Sat May 10 08:51:17 2025
