IQ-TREE multicore version 2.2.2.3 COVID-edition for Linux 64-bit built Apr  7 2023
Developed by Bui Quang Minh, James Barbetti, Nguyen Lam Tung,
Olga Chernomor, Heiko Schmidt, Dominik Schrempf, Michael Woodhams, Ly Trong Nhan.

Host:    64923e67824f (AVX512, FMA3, 62 GB RAM)
Command: iqtree -T AUTO --threads-max 2 -s /app/outputs/analyses/582/20250510T135051/between_sample_distances/C/clade_C_seqs.aligned.fasta
Seed:    842278 (Using SPRNG - Scalable Parallel Random Number Generator)
Time:    Sat May 10 08:51:23 2025
Kernel:  AVX+FMA - auto-detect threads (36 CPU cores detected)

Reading alignment file /app/outputs/analyses/582/20250510T135051/between_sample_distances/C/clade_C_seqs.aligned.fasta ... Fasta format detected
Reading fasta file: done in 0.000347137 secs using 0.8642% CPU
Alignment most likely contains DNA/RNA sequences
Constructing alignment: done in 0.000725985 secs using 1552% CPU
Alignment has 57 sequences with 268 columns, 79 distinct patterns
20 parsimony-informative, 31 singleton sites, 217 constant sites
         Gap/Ambiguity  Composition  p-value
Analyzing sequences: done in 5.50747e-05 secs using 3666% CPU
   1  38400      1.87%    passed     99.03%
   2  769        1.87%    passed     99.77%
   3  22914      1.87%    passed     99.10%
   4  38401     16.04%    passed     99.95%
   5  38402      1.87%    passed     99.94%
   6  517        1.87%    passed    100.00%
   7  22917      1.87%    passed     99.36%
   8  357890     3.36%    passed     99.85%
   9  776        1.87%    passed     99.78%
  10  360966     8.96%    passed     98.44%
  11  523        1.87%    passed     99.94%
  12  13451      2.24%    passed     99.97%
  13  190219     1.87%    passed     99.82%
  14  529        1.87%    passed     99.79%
  15  7953       1.87%    passed     99.81%
  16  511511     1.87%    passed    100.00%
  17  536        1.87%    passed     99.80%
  18  35743      2.24%    passed     99.74%
  19  1574       1.49%    passed     99.38%
  20  17200      1.87%    passed     99.78%
  21  9779       1.49%    passed     98.27%
  22  9780       1.49%    passed     98.81%
  23  4661       1.87%    passed     99.82%
  24  10874      1.87%    passed     99.94%
  25  32310      1.87%    passed     99.25%
  26  654644     1.12%    passed     99.98%
  27  14272      1.87%    passed     99.80%
  28  10953      1.87%    passed     99.79%
  29  714        1.87%    passed     99.78%
  30  4686       1.87%    passed     99.77%
  31  4687       1.87%    passed     99.94%
  32  22480      1.87%    passed     99.76%
  33  69713      1.87%    passed     99.43%
  34  596        1.87%    passed     99.82%
  35  8920       1.87%    passed     99.94%
  36  446681     1.87%    passed    100.00%
  37  31194      8.96%    passed     99.12%
  38  257150     1.87%    passed     98.17%
  39  19804      1.87%    passed     99.94%
  40  22620      5.97%    passed     99.38%
  41  3480539    1.49%    passed     97.84%
  42  5366364    3.73%    passed     99.40%
  43  5366365    3.36%    passed    100.00%
  44  3197409    1.87%    passed     99.05%
  45  611        1.87%    passed     99.80%
  46  869        1.87%    passed     99.94%
  47  14440      1.87%    passed     99.66%
  48  4073       1.87%    passed     99.78%
  49  9068       1.87%    passed     99.79%
  50  2029       1.87%    passed     99.78%
  51  5299311    1.87%    passed     98.85%
  52  22771      1.87%    passed     99.66%
  53  5364       1.87%    passed     99.82%
  54  632        1.87%    passed     99.82%
  55  634        1.87%    passed     99.10%
  56  568188     1.49%    passed     97.46%
  57  23166      3.36%    passed     99.80%
****  TOTAL      2.51%  0 sequences failed composition chi2 test (p-value<5%; df=3)
Checking for duplicate sequences: done in 0.000251055 secs using 3464% CPU


Create initial parsimony tree by phylogenetic likelihood library (PLL)... 0.001 seconds
Measuring multi-threading efficiency up to 2 CPU cores
Increase to 10 rounds for branch lengths
583 trees examined
Threads: 1 / Time: 2.000 sec / Speedup: 1.000 / Efficiency: 100% / LogL: -919
Threads: 2 / Time: 1.968 sec / Speedup: 1.016 / Efficiency: 51% / LogL: -919
Determining AUTO threadcount: done in 3.96884 secs using 305.8% CPU
BEST NUMBER OF THREADS: 1

Perform fast likelihood tree search using GTR+I+G model...
Estimate model parameters (epsilon = 5.000)
Perform nearest neighbor interchange...
Optimizing NNI: done in 0.00474787 secs using 199.7% CPU
Estimate model parameters (epsilon = 1.000)
1. Initial log-likelihood: -758.713
Optimal log-likelihood: -758.625
Rate parameters:  A-C: 2.08478  A-G: 6.17154  A-T: 0.90721  C-G: 1.94712  C-T: 4.04041  G-T: 1.00000
Base frequencies:  A: 0.163  C: 0.247  G: 0.243  T: 0.347
Proportion of invariable sites: 0.375
Gamma shape alpha: 998.445
Parameters optimization took 1 rounds (0.013 sec)
Time for fast ML tree search: 0.060 seconds

NOTE: ModelFinder requires 1 MB RAM!
ModelFinder will test up to 484 DNA models (sample size: 268) ...
 No. Model         -LnL         df  AIC          AICc         BIC
  1  GTR+F         756.850      119 1751.699     1944.672     2179.027
  2  GTR+F+I       756.850      120 1753.700     1951.251     2184.618
  3  GTR+F+G4      756.852      120 1753.704     1951.255     2184.623
  4  GTR+F+I+G4    758.544      121 1759.088     1961.307     2193.598
  5  GTR+F+R2      757.078      121 1756.157     1958.376     2190.666
  6  GTR+F+R3      756.986      123 1759.972     1971.806     2201.664
 14  GTR+F+I+R2    757.966      122 1759.933     1966.912     2198.033
 15  GTR+F+I+R3    757.832      124 1763.665     1980.448     2208.947
 23  SYM           766.201      116 1764.401     1944.163     2180.956
 24  SYM+I         766.200      117 1766.401     1950.481     2186.546
 25  SYM+G4        766.202      117 1766.405     1950.485     2186.550
 45  TVM+F         757.379      118 1750.758     1939.241     2174.495
 46  TVM+F+I       757.378      119 1752.757     1945.730     2180.084
 47  TVM+F+G4      757.380      119 1752.760     1945.733     2180.088
 67  TVMe          766.204      115 1762.407     1937.933     2175.371
 68  TVMe+I        766.207      116 1764.413     1944.175     2180.968
 69  TVMe+G4       766.205      116 1764.410     1944.172     2180.965
 89  TIM3+F        756.866      117 1747.731     1931.811     2167.877
 90  TIM3+F+I      756.865      118 1749.730     1938.214     2173.467
 91  TIM3+F+G4     756.867      118 1749.734     1938.217     2173.470
111  TIM3e         766.360      114 1760.720     1932.093     2170.093
112  TIM3e+I       766.361      115 1762.722     1938.248     2175.685
113  TIM3e+G4      766.362      115 1762.724     1938.251     2175.688
133  TIM2+F        758.266      117 1750.532     1934.612     2170.678
134  TIM2+F+I      758.266      118 1752.533     1941.016     2176.269
135  TIM2+F+G4     758.267      118 1752.535     1941.018     2176.271
155  TIM2e         767.147      114 1762.294     1933.667     2171.667
156  TIM2e+I       767.147      115 1764.295     1939.821     2177.258
157  TIM2e+G4      767.149      115 1764.297     1939.824     2177.261
177  TIM+F         758.253      117 1750.506     1934.586     2170.652
178  TIM+F+I       758.253      118 1752.507     1940.990     2176.243
179  TIM+F+G4      758.255      118 1752.510     1940.993     2176.246
199  TIMe          767.291      114 1762.581     1933.954     2171.954
200  TIMe+I        767.291      115 1764.581     1940.108     2177.545
201  TIMe+G4       767.292      115 1764.584     1940.111     2177.548
221  TPM3u+F       757.393      116 1746.786     1926.548     2163.340
222  TPM3u+F+I     757.393      117 1748.786     1932.866     2168.932
223  TPM3u+F+G4    757.395      117 1748.790     1932.870     2168.935
243  TPM3          766.363      113 1758.727     1926.025     2164.508
244  TPM3+I        766.363      114 1760.727     1932.099     2170.099
245  TPM3+G4       766.365      114 1760.730     1932.102     2170.102
265  TPM2u+F       758.795      116 1749.590     1929.352     2166.145
266  TPM2u+F+I     758.795      117 1751.590     1935.670     2171.736
267  TPM2u+F+G4    758.797      117 1751.593     1935.673     2171.739
287  TPM2          767.150      113 1760.301     1927.599     2166.082
288  TPM2+I        767.150      114 1762.301     1933.673     2171.673
289  TPM2+G4       767.152      114 1762.303     1933.676     2171.676
309  K3Pu+F        758.783      116 1749.566     1929.327     2166.120
310  K3Pu+F+I      758.783      117 1751.566     1935.646     2171.711
311  K3Pu+F+G4     758.784      117 1751.569     1935.649     2171.714
331  K3P           767.294      113 1760.587     1927.886     2166.369
332  K3P+I         767.294      114 1762.587     1933.960     2171.960
333  K3P+G4        767.295      114 1762.590     1933.963     2171.963
353  TN+F          758.266      116 1748.531     1928.293     2165.086
354  TN+F+I        758.266      117 1750.532     1934.612     2170.678
355  TN+F+G4       758.267      117 1750.535     1934.615     2170.680
375  TNe           767.291      113 1760.581     1927.880     2166.363
376  TNe+I         767.291      114 1762.581     1933.954     2171.954
377  TNe+G4        767.292      114 1762.584     1933.957     2171.956
397  HKY+F         758.795      115 1747.590     1923.117     2160.554
398  HKY+F+I       758.795      116 1749.590     1929.352     2166.145
399  HKY+F+G4      758.797      116 1749.594     1929.355     2166.148
419  K2P           767.294      112 1758.587     1921.891     2160.778
420  K2P+I         767.294      113 1760.587     1927.886     2166.369
421  K2P+G4        767.295      113 1760.590     1927.889     2166.372
441  F81+F         768.700      114 1765.399     1936.772     2174.772
442  F81+F+I       768.700      115 1767.399     1942.926     2180.363
443  F81+F+G4      768.701      115 1767.402     1942.929     2180.366
463  JC            777.803      111 1777.607     1936.991     2176.206
464  JC+I          777.803      112 1779.607     1942.910     2181.797
465  JC+G4         777.805      112 1779.609     1942.912     2181.800
Akaike Information Criterion:           TPM3u+F
Corrected Akaike Information Criterion: K2P
Bayesian Information Criterion:         HKY+F
Best-fit model: HKY+F chosen according to BIC

All model information printed to /app/outputs/analyses/582/20250510T135051/between_sample_distances/C/clade_C_seqs.aligned.fasta.model.gz
CPU time for ModelFinder: 13.613 seconds (0h:0m:13s)
Wall-clock time for ModelFinder: 4.787 seconds (0h:0m:4s)

NOTE: 0 MB RAM (0 GB) is required!
Estimate model parameters (epsilon = 0.100)
1. Initial log-likelihood: -758.795
Optimal log-likelihood: -758.795
Rate parameters:  A-C: 1.00000  A-G: 3.38533  A-T: 1.00000  C-G: 1.00000  C-T: 3.38533  G-T: 1.00000
Base frequencies:  A: 0.163  C: 0.247  G: 0.243  T: 0.347
Parameters optimization took 1 rounds (0.001 sec)
Wrote distance file to... 
Computing ML distances based on estimated model parameters...
Calculating distance matrix: done in 0.00435901 secs using 99.33% CPU
Computing ML distances took 0.004390 sec (of wall-clock time) 0.004363 sec (of CPU time)
Setting up auxiliary I and S matrices: done in 0.000139952 secs using 165.1% CPU
Constructing RapidNJ tree: done in 0.000302792 secs using 94.45% CPU
Computing RapidNJ tree took 0.000480 sec (of wall-clock time) 0.000552 sec (of CPU time)
Log-likelihood of RapidNJ tree: -758.912
--------------------------------------------------------------------
|             INITIALIZING CANDIDATE TREE SET                      |
--------------------------------------------------------------------
Generating 98 parsimony trees... 0.106 second
Computing log-likelihood of 98 initial trees ... 0.084 seconds
Current best score: -758.083

Do NNI search on 20 best initial trees
Optimizing NNI: done in 0.00232387 secs using 99.1% CPU
Estimate model parameters (epsilon = 0.100)
BETTER TREE FOUND at iteration 1: -758.083
Optimizing NNI: done in 0.00225091 secs using 99.74% CPU
BETTER TREE FOUND at iteration 2: -758.083
Optimizing NNI: done in 0.00240707 secs using 99.29% CPU
BETTER TREE FOUND at iteration 3: -758.083
Optimizing NNI: done in 0.00247312 secs using 99.91% CPU
Optimizing NNI: done in 0.00229597 secs using 99.91% CPU
Optimizing NNI: done in 0.00236297 secs using 99.83% CPU
Optimizing NNI: done in 0.00239491 secs using 99.92% CPU
Optimizing NNI: done in 0.00226617 secs using 99.9% CPU
Optimizing NNI: done in 0.00241399 secs using 99.92% CPU
Optimizing NNI: done in 0.00233889 secs using 99.92% CPU
Iteration 10 / LogL: -758.083 / Time: 0h:0m:0s
Optimizing NNI: done in 0.00238705 secs using 99.96% CPU
Optimizing NNI: done in 0.00234103 secs using 99.91% CPU
Optimizing NNI: done in 0.00229096 secs using 99.91% CPU
BETTER TREE FOUND at iteration 13: -758.083
Optimizing NNI: done in 0.00230193 secs using 99.92% CPU
Optimizing NNI: done in 0.002388 secs using 99.92% CPU
Optimizing NNI: done in 0.00234389 secs using 59.35% CPU
Optimizing NNI: done in 0.0024159 secs using 99.05% CPU
Optimizing NNI: done in 0.00235391 secs using 99.96% CPU
Optimizing NNI: done in 0.00229597 secs using 99.96% CPU
Optimizing NNI: done in 0.0022912 secs using 99.95% CPU
Iteration 20 / LogL: -758.438 / Time: 0h:0m:0s
Finish initializing candidate tree set (20)
Current best tree score: -758.083 / CPU time: 0.248
Number of iterations: 20
--------------------------------------------------------------------
|               OPTIMIZING CANDIDATE TREE SET                      |
--------------------------------------------------------------------
Optimizing NNI: done in 0.00973797 secs using 99.98% CPU
Optimizing NNI: done in 0.00469208 secs using 99.57% CPU
Optimizing NNI: done in 0.00481486 secs using 99.96% CPU
Optimizing NNI: done in 0.00596905 secs using 99.97% CPU
Optimizing NNI: done in 0.00729895 secs using 99.97% CPU
Optimizing NNI: done in 0.00821114 secs using 99.97% CPU
Optimizing NNI: done in 0.00753784 secs using 99.98% CPU
Optimizing NNI: done in 0.00650001 secs using 99.95% CPU
Optimizing NNI: done in 0.00451517 secs using 99.95% CPU
Optimizing NNI: done in 0.00436401 secs using 99.93% CPU
Iteration 30 / LogL: -758.083 / Time: 0h:0m:0s (0h:0m:0s left)
Optimizing NNI: done in 0.00468993 secs using 99.96% CPU
Optimizing NNI: done in 0.00653887 secs using 99.97% CPU
Optimizing NNI: done in 0.00618291 secs using 99.99% CPU
Optimizing NNI: done in 0.00814986 secs using 99.98% CPU
Optimizing NNI: done in 0.00603199 secs using 99.95% CPU
Optimizing NNI: done in 0.0109441 secs using 99.98% CPU
Optimizing NNI: done in 0.00454402 secs using 99.98% CPU
Optimizing NNI: done in 0.00633812 secs using 99.98% CPU
Optimizing NNI: done in 0.00453687 secs using 99.98% CPU
Optimizing NNI: done in 0.00659204 secs using 99.95% CPU
Iteration 40 / LogL: -794.025 / Time: 0h:0m:0s (0h:0m:0s left)
Optimizing NNI: done in 0.00478411 secs using 99.98% CPU
Optimizing NNI: done in 0.00478792 secs using 99.94% CPU
Optimizing NNI: done in 0.00653696 secs using 99.95% CPU
Optimizing NNI: done in 0.00675297 secs using 99.97% CPU
Optimizing NNI: done in 0.00665402 secs using 99.97% CPU
Optimizing NNI: done in 0.00450206 secs using 99.98% CPU
Optimizing NNI: done in 0.0085001 secs using 99.98% CPU
Optimizing NNI: done in 0.00559402 secs using 99.96% CPU
Optimizing NNI: done in 0.00939989 secs using 99.98% CPU
Optimizing NNI: done in 0.00491118 secs using 99.96% CPU
Iteration 50 / LogL: -766.336 / Time: 0h:0m:0s (0h:0m:0s left)
Optimizing NNI: done in 0.006181 secs using 99.97% CPU
Optimizing NNI: done in 0.0046401 secs using 99.95% CPU
Optimizing NNI: done in 0.00645614 secs using 99.97% CPU
Optimizing NNI: done in 0.00661898 secs using 99.97% CPU
Optimizing NNI: done in 0.00586891 secs using 99.97% CPU
Optimizing NNI: done in 0.00482607 secs using 99.98% CPU
Optimizing NNI: done in 0.011368 secs using 99.97% CPU
Optimizing NNI: done in 0.0085392 secs using 99.97% CPU
Optimizing NNI: done in 0.0100369 secs using 99.97% CPU
Optimizing NNI: done in 0.00741982 secs using 99.99% CPU
Iteration 60 / LogL: -758.085 / Time: 0h:0m:0s (0h:0m:0s left)
Optimizing NNI: done in 0.00647306 secs using 99.95% CPU
Optimizing NNI: done in 0.00439095 secs using 99.96% CPU
Optimizing NNI: done in 0.00669098 secs using 99.97% CPU
Optimizing NNI: done in 0.00488901 secs using 99.96% CPU
Optimizing NNI: done in 0.00710201 secs using 99.97% CPU
Optimizing NNI: done in 0.00465703 secs using 99.93% CPU
Optimizing NNI: done in 0.00647497 secs using 99.97% CPU
Optimizing NNI: done in 0.00638914 secs using 99.78% CPU
Optimizing NNI: done in 0.00647116 secs using 99.97% CPU
Optimizing NNI: done in 0.00485682 secs using 99.94% CPU
Iteration 70 / LogL: -758.087 / Time: 0h:0m:0s (0h:0m:0s left)
Optimizing NNI: done in 0.0102968 secs using 99.98% CPU
Optimizing NNI: done in 0.00634503 secs using 99.95% CPU
Optimizing NNI: done in 0.00814295 secs using 99.98% CPU
Optimizing NNI: done in 0.00669003 secs using 99.97% CPU
Optimizing NNI: done in 0.00482202 secs using 99.96% CPU
Optimizing NNI: done in 0.00860596 secs using 99.98% CPU
Optimizing NNI: done in 0.00855017 secs using 99.97% CPU
Optimizing NNI: done in 0.00455904 secs using 99.96% CPU
Optimizing NNI: done in 0.00748301 secs using 99.97% CPU
Optimizing NNI: done in 0.00735307 secs using 99.96% CPU
Iteration 80 / LogL: -758.086 / Time: 0h:0m:0s (0h:0m:0s left)
Optimizing NNI: done in 0.00680614 secs using 99.98% CPU
Optimizing NNI: done in 0.00470304 secs using 99.98% CPU
Optimizing NNI: done in 0.00850701 secs using 99.99% CPU
Optimizing NNI: done in 0.00449109 secs using 99.93% CPU
Optimizing NNI: done in 0.00437999 secs using 99.98% CPU
Optimizing NNI: done in 0.0067749 secs using 99.97% CPU
Optimizing NNI: done in 0.0104771 secs using 99.98% CPU
Optimizing NNI: done in 0.00458312 secs using 99.93% CPU
Optimizing NNI: done in 0.00694585 secs using 99.97% CPU
Optimizing NNI: done in 0.00464106 secs using 99.96% CPU
Iteration 90 / LogL: -764.949 / Time: 0h:0m:0s (0h:0m:0s left)
Optimizing NNI: done in 0.004951 secs using 99.94% CPU
Optimizing NNI: done in 0.00718617 secs using 99.8% CPU
Optimizing NNI: done in 0.00891089 secs using 99.97% CPU
Optimizing NNI: done in 0.00619411 secs using 99.95% CPU
Optimizing NNI: done in 0.00473404 secs using 99.96% CPU
Optimizing NNI: done in 0.00439191 secs using 99.98% CPU
Optimizing NNI: done in 0.00441504 secs using 99.95% CPU
Optimizing NNI: done in 0.00649095 secs using 99.99% CPU
Optimizing NNI: done in 0.00825882 secs using 99.97% CPU
Optimizing NNI: done in 0.00636506 secs using 99.95% CPU
Iteration 100 / LogL: -758.085 / Time: 0h:0m:0s (0h:0m:0s left)
Optimizing NNI: done in 0.008955 secs using 99.98% CPU
Optimizing NNI: done in 0.00457311 secs using 99.98% CPU
Optimizing NNI: done in 0.00609517 secs using 99.95% CPU
Optimizing NNI: done in 0.0068121 secs using 99.97% CPU
Optimizing NNI: done in 0.00639582 secs using 99.97% CPU
Optimizing NNI: done in 0.00735807 secs using 99.97% CPU
Optimizing NNI: done in 0.00661588 secs using 99.97% CPU
Optimizing NNI: done in 0.00807595 secs using 99.98% CPU
Optimizing NNI: done in 0.00477695 secs using 99.98% CPU
Optimizing NNI: done in 0.00670004 secs using 99.95% CPU
Iteration 110 / LogL: -758.084 / Time: 0h:0m:0s (0h:0m:0s left)
Optimizing NNI: done in 0.00473094 secs using 99.96% CPU
Optimizing NNI: done in 0.00419688 secs using 99.96% CPU
Optimizing NNI: done in 0.00943208 secs using 99.98% CPU
Optimizing NNI: done in 0.00715613 secs using 99.98% CPU
TREE SEARCH COMPLETED AFTER 114 ITERATIONS / Time: 0h:0m:0s

--------------------------------------------------------------------
|                    FINALIZING TREE SEARCH                        |
--------------------------------------------------------------------
Performs final model parameters optimization
Estimate model parameters (epsilon = 0.010)
1. Initial log-likelihood: -758.083
Optimal log-likelihood: -758.083
Rate parameters:  A-C: 1.00000  A-G: 3.38593  A-T: 1.00000  C-G: 1.00000  C-T: 3.38593  G-T: 1.00000
Base frequencies:  A: 0.163  C: 0.247  G: 0.243  T: 0.347
Parameters optimization took 1 rounds (0.002 sec)
BEST SCORE FOUND : -758.083
Total tree length: 0.210

Total number of iterations: 114
CPU time used for tree search: 1.123 sec (0h:0m:1s)
Wall-clock time used for tree search: 0.939 sec (0h:0m:0s)
Total CPU time used: 1.152 sec (0h:0m:1s)
Total wall-clock time used: 0.962 sec (0h:0m:0s)

Analysis results written to: 
  IQ-TREE report:                /app/outputs/analyses/582/20250510T135051/between_sample_distances/C/clade_C_seqs.aligned.fasta.iqtree
  Maximum-likelihood tree:       /app/outputs/analyses/582/20250510T135051/between_sample_distances/C/clade_C_seqs.aligned.fasta.treefile
  Likelihood distances:          /app/outputs/analyses/582/20250510T135051/between_sample_distances/C/clade_C_seqs.aligned.fasta.mldist
  Screen log file:               /app/outputs/analyses/582/20250510T135051/between_sample_distances/C/clade_C_seqs.aligned.fasta.log

Date and Time: Sat May 10 08:51:29 2025
