IQ-TREE multicore version 2.2.2.3 COVID-edition for Linux 64-bit built Apr  7 2023
Developed by Bui Quang Minh, James Barbetti, Nguyen Lam Tung,
Olga Chernomor, Heiko Schmidt, Dominik Schrempf, Michael Woodhams, Ly Trong Nhan.

Host:    64923e67824f (AVX512, FMA3, 62 GB RAM)
Command: iqtree -T AUTO --threads-max 2 -s /app/outputs/analyses/560/20250221T224139/between_profile_distances/C/clade_C_seqs.aligned.fasta
Seed:    194778 (Using SPRNG - Scalable Parallel Random Number Generator)
Time:    Fri Feb 21 16:44:07 2025
Kernel:  AVX+FMA - auto-detect threads (36 CPU cores detected)

Reading alignment file /app/outputs/analyses/560/20250221T224139/between_profile_distances/C/clade_C_seqs.aligned.fasta ... Fasta format detected
Reading fasta file: done in 0.00039196 secs
Alignment most likely contains DNA/RNA sequences
Constructing alignment: done in 0.000482082 secs using 2325% CPU
Alignment has 10 sequences with 264 columns, 14 distinct patterns
0 parsimony-informative, 9 singleton sites, 255 constant sites
       Gap/Ambiguity  Composition  p-value
Analyzing sequences: done in 0.00698996 secs using 1492% CPU
   1  14272    0.38%    passed     99.93%
   2  769      0.38%    passed     99.89%
   3  517      0.38%    passed    100.00%
   4  1574     0.00%    passed     99.67%
   5  4073     0.38%    passed     99.77%
   6  523      0.38%    passed     99.81%
   7  5364     0.38%    passed     99.85%
   8  5367     0.38%    passed     99.80%
   9  632      0.38%    passed     99.92%
  10  10874    0.38%    passed     99.81%
****  TOTAL    0.34%  0 sequences failed composition chi2 test (p-value<5%; df=3)
Checking for duplicate sequences: done in 0.00416803 secs using 1471% CPU


Create initial parsimony tree by phylogenetic likelihood library (PLL)... 0.001 seconds
Measuring multi-threading efficiency up to 2 CPU cores
Increase to 10 rounds for branch lengths
6256 trees examined
Threads: 1 / Time: 2.000 sec / Speedup: 1.000 / Efficiency: 100% / LogL: -426
WARNING: 2 threads for alignment length 14 will slow down analysis
Threads: 2 / Time: 1.044 sec / Speedup: 1.915 / Efficiency: 96% / LogL: -426
Determining AUTO threadcount: done in 3.04451 secs using 182.5% CPU
BEST NUMBER OF THREADS: 2

WARNING: 2 threads for alignment length 14 will slow down analysis
Perform fast likelihood tree search using GTR+I+G model...
Estimate model parameters (epsilon = 5.000)
Perform nearest neighbor interchange...
Optimizing NNI: done in 0.000593901 secs using 200.2% CPU
Estimate model parameters (epsilon = 1.000)
1. Initial log-likelihood: -423.666
Optimal log-likelihood: -423.650
Rate parameters:  A-C: 1.40504  A-G: 2.78699  A-T: 0.00010  C-G: 1.98414  C-T: 2.13750  G-T: 1.00000
Warning! Some parameters hit the boundaries
Base frequencies:  A: 0.163  C: 0.248  G: 0.243  T: 0.346
Proportion of invariable sites: 0.482
Gamma shape alpha: 998.448
Parameters optimization took 1 rounds (0.003 sec)
Time for fast ML tree search: 0.009 seconds

NOTE: ModelFinder requires 0 MB RAM!
ModelFinder will test up to 484 DNA models (sample size: 264) ...
 No. Model         -LnL         df  AIC          AICc         BIC
WARNING: 2 threads for alignment length 14 will slow down analysis
  1  GTR+F         423.504      25  897.007      902.469      986.406
WARNING: 2 threads for alignment length 14 will slow down analysis
  2  GTR+F+I       423.492      26  898.983      904.907      991.958
WARNING: 2 threads for alignment length 14 will slow down analysis
  3  GTR+F+G4      423.492      26  898.983      904.907      991.958
WARNING: 2 threads for alignment length 14 will slow down analysis
  4  GTR+F+I+G4    423.635      27  901.270      907.677      997.821
WARNING: 2 threads for alignment length 14 will slow down analysis
  5  GTR+F+R2      423.562      27  901.124      907.531      997.675
WARNING: 2 threads for alignment length 14 will slow down analysis
  6  GTR+F+R3      423.578      29  905.156      912.592      1008.859
WARNING: 2 threads for alignment length 14 will slow down analysis
 14  GTR+F+I+R2    423.753      28  903.506      910.417      1003.633
WARNING: 2 threads for alignment length 14 will slow down analysis
 15  GTR+F+I+R3    423.770      30  907.540      915.522      1014.818
WARNING: 2 threads for alignment length 14 will slow down analysis
 23  SYM           432.628      22  909.256      913.455      987.927
WARNING: 2 threads for alignment length 14 will slow down analysis
 24  SYM+I         432.623      23  911.245      915.845      993.492
WARNING: 2 threads for alignment length 14 will slow down analysis
 25  SYM+G4        432.623      23  911.246      915.846      993.493
WARNING: 2 threads for alignment length 14 will slow down analysis
 45  TVM+F         423.561      24  895.121      900.142      980.944
WARNING: 2 threads for alignment length 14 will slow down analysis
 46  TVM+F+I       423.550      25  897.099      902.561      986.498
WARNING: 2 threads for alignment length 14 will slow down analysis
 47  TVM+F+G4      423.550      25  897.100      902.562      986.498
WARNING: 2 threads for alignment length 14 will slow down analysis
 67  TVMe          432.624      21  907.249      911.067      982.344
WARNING: 2 threads for alignment length 14 will slow down analysis
 68  TVMe+I        432.621      22  909.242      913.441      987.913
WARNING: 2 threads for alignment length 14 will slow down analysis
 69  TVMe+G4       432.621      22  909.242      913.441      987.913
WARNING: 2 threads for alignment length 14 will slow down analysis
 89  TIM3+F        423.991      23  893.982      898.582      976.229
WARNING: 2 threads for alignment length 14 will slow down analysis
 90  TIM3+F+I      423.984      24  895.968      900.989      981.790
WARNING: 2 threads for alignment length 14 will slow down analysis
 91  TIM3+F+G4     423.984      24  895.968      900.989      981.791
WARNING: 2 threads for alignment length 14 will slow down analysis
111  TIM3e         433.329      20  906.659      910.116      978.178
WARNING: 2 threads for alignment length 14 will slow down analysis
112  TIM3e+I       433.330      21  908.659      912.478      983.754
WARNING: 2 threads for alignment length 14 will slow down analysis
113  TIM3e+G4      433.330      21  908.659      912.478      983.754
WARNING: 2 threads for alignment length 14 will slow down analysis
133  TIM2+F        424.692      23  895.385      899.985      977.632
WARNING: 2 threads for alignment length 14 will slow down analysis
134  TIM2+F+I      424.692      24  897.385      902.406      983.207
WARNING: 2 threads for alignment length 14 will slow down analysis
135  TIM2+F+G4     424.692      24  897.385      902.406      983.208
WARNING: 2 threads for alignment length 14 will slow down analysis
155  TIM2e         433.695      20  907.390      910.847      978.909
WARNING: 2 threads for alignment length 14 will slow down analysis
156  TIM2e+I       433.695      21  909.390      913.208      984.485
WARNING: 2 threads for alignment length 14 will slow down analysis
157  TIM2e+G4      433.695      21  909.390      913.208      984.485
WARNING: 2 threads for alignment length 14 will slow down analysis
177  TIM+F         424.894      23  895.789      900.389      978.036
WARNING: 2 threads for alignment length 14 will slow down analysis
178  TIM+F+I       424.894      24  897.789      902.810      983.612
WARNING: 2 threads for alignment length 14 will slow down analysis
179  TIM+F+G4      424.894      24  897.789      902.810      983.612
WARNING: 2 threads for alignment length 14 will slow down analysis
199  TIMe          434.071      20  908.143      911.600      979.662
WARNING: 2 threads for alignment length 14 will slow down analysis
200  TIMe+I        434.071      21  910.143      913.961      985.238
WARNING: 2 threads for alignment length 14 will slow down analysis
201  TIMe+G4       434.071      21  910.143      913.961      985.238
WARNING: 2 threads for alignment length 14 will slow down analysis
221  TPM3u+F       424.062      22  892.124      896.323      970.795
WARNING: 2 threads for alignment length 14 will slow down analysis
222  TPM3u+F+I     424.062      23  894.123      898.723      976.370
WARNING: 2 threads for alignment length 14 will slow down analysis
223  TPM3u+F+G4    424.062      23  894.124      898.724      976.371
WARNING: 2 threads for alignment length 14 will slow down analysis
243  TPM3          433.331      19  904.661      907.776      972.604
WARNING: 2 threads for alignment length 14 will slow down analysis
244  TPM3+I        433.331      20  906.661      910.118      978.180
WARNING: 2 threads for alignment length 14 will slow down analysis
245  TPM3+G4       433.331      20  906.661      910.118      978.180
WARNING: 2 threads for alignment length 14 will slow down analysis
265  TPM2u+F       424.770      22  893.540      897.740      972.211
WARNING: 2 threads for alignment length 14 will slow down analysis
266  TPM2u+F+I     424.771      23  895.541      900.141      977.788
WARNING: 2 threads for alignment length 14 will slow down analysis
267  TPM2u+F+G4    424.771      23  895.541      900.141      977.788
WARNING: 2 threads for alignment length 14 will slow down analysis
287  TPM2          433.696      19  905.391      908.506      973.334
WARNING: 2 threads for alignment length 14 will slow down analysis
288  TPM2+I        433.696      20  907.391      910.848      978.910
WARNING: 2 threads for alignment length 14 will slow down analysis
289  TPM2+G4       433.696      20  907.391      910.848      978.910
WARNING: 2 threads for alignment length 14 will slow down analysis
309  K3Pu+F        424.972      22  893.944      898.144      972.615
WARNING: 2 threads for alignment length 14 will slow down analysis
310  K3Pu+F+I      424.972      23  895.944      900.544      978.191
WARNING: 2 threads for alignment length 14 will slow down analysis
311  K3Pu+F+G4     424.972      23  895.944      900.544      978.191
WARNING: 2 threads for alignment length 14 will slow down analysis
331  K3P           434.071      19  906.143      909.257      974.086
WARNING: 2 threads for alignment length 14 will slow down analysis
332  K3P+I         434.071      20  908.143      911.599      979.662
WARNING: 2 threads for alignment length 14 will slow down analysis
333  K3P+G4        434.071      20  908.143      911.600      979.662
WARNING: 2 threads for alignment length 14 will slow down analysis
353  TN+F          424.896      22  893.793      897.992      972.463
WARNING: 2 threads for alignment length 14 will slow down analysis
354  TN+F+I        424.896      23  895.792      900.392      978.039
WARNING: 2 threads for alignment length 14 will slow down analysis
355  TN+F+G4       424.896      23  895.793      900.393      978.040
WARNING: 2 threads for alignment length 14 will slow down analysis
375  TNe           434.071      19  906.143      909.257      974.086
WARNING: 2 threads for alignment length 14 will slow down analysis
376  TNe+I         434.071      20  908.143      911.600      979.662
WARNING: 2 threads for alignment length 14 will slow down analysis
377  TNe+G4        434.071      20  908.143      911.600      979.662
WARNING: 2 threads for alignment length 14 will slow down analysis
397  HKY+F         424.974      21  891.949      895.767      967.043
WARNING: 2 threads for alignment length 14 will slow down analysis
398  HKY+F+I       424.974      22  893.948      898.147      972.619
WARNING: 2 threads for alignment length 14 will slow down analysis
399  HKY+F+G4      424.974      22  893.949      898.148      972.619
WARNING: 2 threads for alignment length 14 will slow down analysis
419  K2P           434.071      18  904.143      906.934      968.510
WARNING: 2 threads for alignment length 14 will slow down analysis
420  K2P+I         434.071      19  906.143      909.257      974.086
WARNING: 2 threads for alignment length 14 will slow down analysis
421  K2P+G4        434.071      19  906.143      909.258      974.086
WARNING: 2 threads for alignment length 14 will slow down analysis
441  F81+F         425.830      20  891.660      895.117      963.179
WARNING: 2 threads for alignment length 14 will slow down analysis
442  F81+F+I       425.830      21  893.660      897.478      968.755
WARNING: 2 threads for alignment length 14 will slow down analysis
443  F81+F+G4      425.830      21  893.660      897.478      968.755
WARNING: 2 threads for alignment length 14 will slow down analysis
463  JC            435.004      17  904.007      906.495      964.798
WARNING: 2 threads for alignment length 14 will slow down analysis
464  JC+I          435.004      18  906.007      908.799      970.374
WARNING: 2 threads for alignment length 14 will slow down analysis
465  JC+G4         435.004      18  906.007      908.799      970.374
Akaike Information Criterion:           F81+F
Corrected Akaike Information Criterion: F81+F
Bayesian Information Criterion:         F81+F
Best-fit model: F81+F chosen according to BIC

All model information printed to /app/outputs/analyses/560/20250221T224139/between_profile_distances/C/clade_C_seqs.aligned.fasta.model.gz
CPU time for ModelFinder: 6.377 seconds (0h:0m:6s)
Wall-clock time for ModelFinder: 3.248 seconds (0h:0m:3s)
WARNING: 2 threads for alignment length 14 will slow down analysis

NOTE: 0 MB RAM (0 GB) is required!
Estimate model parameters (epsilon = 0.100)
1. Initial log-likelihood: -425.830
Optimal log-likelihood: -425.830
Rate parameters:  A-C: 1.00000  A-G: 1.00000  A-T: 1.00000  C-G: 1.00000  C-T: 1.00000  G-T: 1.00000
Base frequencies:  A: 0.163  C: 0.248  G: 0.243  T: 0.346
Parameters optimization took 1 rounds (0.000 sec)
Wrote distance file to... 
Computing ML distances based on estimated model parameters...
Calculating distance matrix: done in 0.000229836 secs using 202.3% CPU
Computing ML distances took 0.000275 sec (of wall-clock time) 0.000565 sec (of CPU time)
Setting up auxiliary I and S matrices: done in 7.31945e-05 secs using 797.9% CPU
Constructing RapidNJ tree: done in 0.000137091 secs using 154.6% CPU
Computing RapidNJ tree took 0.000272 sec (of wall-clock time) 0.000962 sec (of CPU time)
Log-likelihood of RapidNJ tree: -425.833
--------------------------------------------------------------------
|             INITIALIZING CANDIDATE TREE SET                      |
--------------------------------------------------------------------
Generating 98 parsimony trees... 0.021 second
Computing log-likelihood of 98 initial trees ... 0.018 seconds
Current best score: -425.830

Do NNI search on 20 best initial trees
Optimizing NNI: done in 0.000391006 secs using 181.6% CPU
Estimate model parameters (epsilon = 0.100)
BETTER TREE FOUND at iteration 1: -425.830
Optimizing NNI: done in 0.000332832 secs using 198.6% CPU
Optimizing NNI: done in 0.000349045 secs using 272.5% CPU
Optimizing NNI: done in 0.000334978 secs using 289% CPU
Optimizing NNI: done in 0.000344038 secs using 300.8% CPU
Optimizing NNI: done in 0.000332832 secs using 298.6% CPU
Optimizing NNI: done in 0.000347853 secs using 54.33% CPU
Optimizing NNI: done in 0.000343084 secs using 275.4% CPU
Optimizing NNI: done in 0.000344038 secs using 300.8% CPU
Optimizing NNI: done in 0.000329018 secs using 295.4% CPU
Iteration 10 / LogL: -425.830 / Time: 0h:0m:0s
Optimizing NNI: done in 0.000324011 secs using 299.4% CPU
Optimizing NNI: done in 0.000332117 secs using 302.3% CPU
BETTER TREE FOUND at iteration 12: -425.830
Optimizing NNI: done in 0.000400782 secs using 288.4% CPU
Optimizing NNI: done in 0.00033617 secs using 295.1% CPU
Optimizing NNI: done in 0.000319958 secs using 301.9% CPU
Optimizing NNI: done in 0.000346184 secs using 298.7% CPU
Optimizing NNI: done in 0.000327826 secs using 298% CPU
Optimizing NNI: done in 0.000342131 secs using 299.3% CPU
Optimizing NNI: done in 0.000332117 secs using 298.4% CPU
Optimizing NNI: done in 0.000335932 secs using 301.3% CPU
Iteration 20 / LogL: -425.830 / Time: 0h:0m:0s
Finish initializing candidate tree set (20)
Current best tree score: -425.830 / CPU time: 0.053
Number of iterations: 20
--------------------------------------------------------------------
|               OPTIMIZING CANDIDATE TREE SET                      |
--------------------------------------------------------------------
Optimizing NNI: done in 0.000334024 secs using 263.8% CPU
Optimizing NNI: done in 0.000339985 secs using 301.2% CPU
Optimizing NNI: done in 0.000326872 secs using 297.1% CPU
Optimizing NNI: done in 0.000309944 secs using 298.4% CPU
Optimizing NNI: done in 0.000317812 secs using 298% CPU
Optimizing NNI: done in 0.000319958 secs using 298.8% CPU
Optimizing NNI: done in 0.000309944 secs using 298.4% CPU
Optimizing NNI: done in 0.000329018 secs using 300.9% CPU
Optimizing NNI: done in 0.000333071 secs using 296.6% CPU
Optimizing NNI: done in 0.000322819 secs using 274.5% CPU
Iteration 30 / LogL: -425.830 / Time: 0h:0m:0s (0h:0m:0s left)
Optimizing NNI: done in 0.000313044 secs using 299.6% CPU
Optimizing NNI: done in 0.000312805 secs using 297.6% CPU
Optimizing NNI: done in 0.000304937 secs using 296.8% CPU
Optimizing NNI: done in 0.000307083 secs using 286.9% CPU
Optimizing NNI: done in 0.000304937 secs using 299.4% CPU
Optimizing NNI: done in 0.000403881 secs using 302.1% CPU
Optimizing NNI: done in 0.000335932 secs using 288.5% CPU
Optimizing NNI: done in 0.000330925 secs using 273.8% CPU
Optimizing NNI: done in 0.000324965 secs using 296.3% CPU
Optimizing NNI: done in 0.00030899 secs using 300.7% CPU
Iteration 40 / LogL: -425.830 / Time: 0h:0m:0s (0h:0m:0s left)
Optimizing NNI: done in 0.000323057 secs using 297.2% CPU
Optimizing NNI: done in 0.000328064 secs using 297.2% CPU
Optimizing NNI: done in 0.000327826 secs using 297.7% CPU
Optimizing NNI: done in 0.000322104 secs using 298.4% CPU
Optimizing NNI: done in 0.000339985 secs using 296.8% CPU
Optimizing NNI: done in 0.000341177 secs using 295.4% CPU
BETTER TREE FOUND at iteration 46: -425.830
Optimizing NNI: done in 0.000310898 secs using 296.2% CPU
Optimizing NNI: done in 0.000333071 secs using 299.6% CPU
Optimizing NNI: done in 0.000303984 secs using 37.5% CPU
Optimizing NNI: done in 0.00031209 secs using 184.9% CPU
Iteration 50 / LogL: -425.830 / Time: 0h:0m:0s (0h:0m:0s left)
Optimizing NNI: done in 0.00031209 secs using 299.6% CPU
Optimizing NNI: done in 0.000354052 secs using 55.08% CPU
Optimizing NNI: done in 0.000321865 secs using 273.7% CPU
Optimizing NNI: done in 0.000344992 secs using 244.4% CPU
Optimizing NNI: done in 0.000299931 secs using 200% CPU
Optimizing NNI: done in 0.000341892 secs using 200.6% CPU
Optimizing NNI: done in 0.000339985 secs using 201.2% CPU
Optimizing NNI: done in 0.000311852 secs using 200.1% CPU
Optimizing NNI: done in 0.000328064 secs using 296.6% CPU
Optimizing NNI: done in 0.000310898 secs using 286.3% CPU
Iteration 60 / LogL: -425.830 / Time: 0h:0m:0s (0h:0m:0s left)
Optimizing NNI: done in 0.000307083 secs using 297% CPU
Optimizing NNI: done in 0.000324965 secs using 297.3% CPU
Optimizing NNI: done in 0.000343084 secs using 299.6% CPU
Optimizing NNI: done in 0.000325918 secs using 300.7% CPU
Optimizing NNI: done in 0.000323057 secs using 43.96% CPU
Optimizing NNI: done in 0.000328779 secs using 273.1% CPU
Optimizing NNI: done in 0.000307083 secs using 298.6% CPU
Optimizing NNI: done in 0.000339985 secs using 298.5% CPU
Optimizing NNI: done in 0.000313997 secs using 295.2% CPU
BETTER TREE FOUND at iteration 69: -425.830
Optimizing NNI: done in 0.000339031 secs using 298.5% CPU
Iteration 70 / LogL: -425.830 / Time: 0h:0m:0s (0h:0m:0s left)
Optimizing NNI: done in 0.00032115 secs using 298.6% CPU
Optimizing NNI: done in 0.000326157 secs using 300.8% CPU
Optimizing NNI: done in 0.000323057 secs using 297.5% CPU
Optimizing NNI: done in 0.000347853 secs using 265.9% CPU
Optimizing NNI: done in 0.00031805 secs using 299.6% CPU
Optimizing NNI: done in 0.000339985 secs using 49.71% CPU
Optimizing NNI: done in 0.000316143 secs using 273% CPU
Optimizing NNI: done in 0.000322104 secs using 300.8% CPU
Optimizing NNI: done in 0.000396967 secs using 265.3% CPU
Optimizing NNI: done in 0.000328064 secs using 39.93% CPU
Iteration 80 / LogL: -425.830 / Time: 0h:0m:0s (0h:0m:0s left)
Optimizing NNI: done in 0.000308037 secs using 274% CPU
Optimizing NNI: done in 0.000328064 secs using 299.9% CPU
Optimizing NNI: done in 0.000326157 secs using 298.6% CPU
Optimizing NNI: done in 0.000313044 secs using 299% CPU
Optimizing NNI: done in 0.000247955 secs using 298.4% CPU
Optimizing NNI: done in 0.000339031 secs using 298.8% CPU
Optimizing NNI: done in 0.00032115 secs using 297.7% CPU
Optimizing NNI: done in 0.000315905 secs using 299.5% CPU
Optimizing NNI: done in 0.00031805 secs using 298.4% CPU
Optimizing NNI: done in 0.000330925 secs using 300.7% CPU
Iteration 90 / LogL: -425.830 / Time: 0h:0m:0s (0h:0m:0s left)
Optimizing NNI: done in 0.000304937 secs using 297.4% CPU
Optimizing NNI: done in 0.000327826 secs using 296.2% CPU
Optimizing NNI: done in 0.000313997 secs using 299.7% CPU
Optimizing NNI: done in 0.000329971 secs using 299.4% CPU
Optimizing NNI: done in 0.000337124 secs using 201.1% CPU
Optimizing NNI: done in 0.000304937 secs using 199.4% CPU
Optimizing NNI: done in 0.000305891 secs using 297.2% CPU
Optimizing NNI: done in 0.000305891 secs using 299.5% CPU
Optimizing NNI: done in 0.000365019 secs using 245.7% CPU
Optimizing NNI: done in 0.00031805 secs using 263.5% CPU
Iteration 100 / LogL: -425.830 / Time: 0h:0m:0s (0h:0m:0s left)
Optimizing NNI: done in 0.000332117 secs using 196.9% CPU
Optimizing NNI: done in 0.000252962 secs using 198.8% CPU
Optimizing NNI: done in 0.000311852 secs
Optimizing NNI: done in 0.000338078 secs using 134.6% CPU
Optimizing NNI: done in 0.000319958 secs using 296% CPU
Optimizing NNI: done in 0.000325918 secs using 299.2% CPU
Optimizing NNI: done in 0.000319004 secs using 301.3% CPU
Optimizing NNI: done in 0.000313997 secs using 299% CPU
Optimizing NNI: done in 0.000332117 secs using 296.3% CPU
Optimizing NNI: done in 0.000329971 secs using 300% CPU
Iteration 110 / LogL: -425.830 / Time: 0h:0m:0s (0h:0m:0s left)
Optimizing NNI: done in 0.000327826 secs using 181.2% CPU
Optimizing NNI: done in 0.000398159 secs using 269.2% CPU
Optimizing NNI: done in 0.000328064 secs using 198.7% CPU
Optimizing NNI: done in 0.000330925 secs using 198.8% CPU
Optimizing NNI: done in 0.00031209 secs using 199.6% CPU
Optimizing NNI: done in 0.000347853 secs using 298.1% CPU
Optimizing NNI: done in 0.00032711 secs using 296.2% CPU
Optimizing NNI: done in 0.000308037 secs using 298.7% CPU
Optimizing NNI: done in 0.000323057 secs using 296.9% CPU
Optimizing NNI: done in 0.000316858 secs using 298.2% CPU
Iteration 120 / LogL: -425.830 / Time: 0h:0m:0s (0h:0m:0s left)
Optimizing NNI: done in 0.000343084 secs using 301.7% CPU
Optimizing NNI: done in 0.000329971 secs using 299.7% CPU
Optimizing NNI: done in 0.000333071 secs using 65.75% CPU
Optimizing NNI: done in 0.000324011 secs using 272.5% CPU
Optimizing NNI: done in 0.000324965 secs using 296.6% CPU
Optimizing NNI: done in 0.000328064 secs using 200% CPU
Optimizing NNI: done in 0.000333071 secs using 200% CPU
Optimizing NNI: done in 0.000339985 secs using 290.6% CPU
Optimizing NNI: done in 0.0003438 secs using 299.3% CPU
Optimizing NNI: done in 0.000332117 secs using 300.2% CPU
Iteration 130 / LogL: -425.830 / Time: 0h:0m:0s (0h:0m:0s left)
Optimizing NNI: done in 0.000316143 secs using 295.8% CPU
Optimizing NNI: done in 0.000319004 secs using 298.7% CPU
Optimizing NNI: done in 0.000315905 secs using 296.6% CPU
Optimizing NNI: done in 0.000320911 secs using 295.7% CPU
Optimizing NNI: done in 0.000329018 secs using 296% CPU
Optimizing NNI: done in 0.000333071 secs using 297.8% CPU
Optimizing NNI: done in 0.000313997 secs using 198.7% CPU
Optimizing NNI: done in 0.000315905 secs using 199.1% CPU
Optimizing NNI: done in 0.00030899 secs using 176.7% CPU
Optimizing NNI: done in 0.000335932 secs using 203.6% CPU
Iteration 140 / LogL: -425.830 / Time: 0h:0m:0s (0h:0m:0s left)
Optimizing NNI: done in 0.000337839 secs using 206.3% CPU
Optimizing NNI: done in 0.00032115 secs using 272.5% CPU
Optimizing NNI: done in 0.000333071 secs using 297.5% CPU
Optimizing NNI: done in 0.000326157 secs using 296.8% CPU
Optimizing NNI: done in 0.000313044 secs using 263.5% CPU
Optimizing NNI: done in 0.000393867 secs using 269.1% CPU
Optimizing NNI: done in 0.000341177 secs using 298.4% CPU
Optimizing NNI: done in 0.000337839 secs using 302.8% CPU
Optimizing NNI: done in 0.000310898 secs using 296.2% CPU
Optimizing NNI: done in 0.000325918 secs using 296.4% CPU
Iteration 150 / LogL: -425.830 / Time: 0h:0m:0s (0h:0m:0s left)
Optimizing NNI: done in 0.000310898 secs using 299.1% CPU
Optimizing NNI: done in 0.000337839 secs using 296.3% CPU
Optimizing NNI: done in 0.000324965 secs using 294.8% CPU
Optimizing NNI: done in 0.000317812 secs using 299.2% CPU
Optimizing NNI: done in 0.000330925 secs using 298.6% CPU
Optimizing NNI: done in 0.000329971 secs using 299.4% CPU
Optimizing NNI: done in 0.00030303 secs using 297.3% CPU
Optimizing NNI: done in 0.000314951 secs using 271.8% CPU
Optimizing NNI: done in 0.000322104 secs using 274.4% CPU
Optimizing NNI: done in 0.000307083 secs using 298.3% CPU
Iteration 160 / LogL: -425.830 / Time: 0h:0m:0s (0h:0m:0s left)
Optimizing NNI: done in 0.000325918 secs using 298.5% CPU
Optimizing NNI: done in 0.000310898 secs using 298.5% CPU
Optimizing NNI: done in 0.000319958 secs using 295.4% CPU
Optimizing NNI: done in 0.000339985 secs using 298.2% CPU
Optimizing NNI: done in 0.000311852 secs using 300.8% CPU
Optimizing NNI: done in 0.000328779 secs using 299% CPU
Optimizing NNI: done in 0.000322104 secs using 240.6% CPU
Optimizing NNI: done in 0.000387907 secs using 207.5% CPU
Optimizing NNI: done in 0.000437975 secs using 290.7% CPU
Optimizing NNI: done in 0.000340939 secs using 298% CPU
Iteration 170 / LogL: -425.830 / Time: 0h:0m:0s (0h:0m:-1s left)
TREE SEARCH COMPLETED AFTER 170 ITERATIONS / Time: 0h:0m:0s

--------------------------------------------------------------------
|                    FINALIZING TREE SEARCH                        |
--------------------------------------------------------------------
Performs final model parameters optimization
Estimate model parameters (epsilon = 0.010)
1. Initial log-likelihood: -425.830
Optimal log-likelihood: -425.830
Rate parameters:  A-C: 1.00000  A-G: 1.00000  A-T: 1.00000  C-G: 1.00000  C-T: 1.00000  G-T: 1.00000
Base frequencies:  A: 0.163  C: 0.248  G: 0.243  T: 0.346
Parameters optimization took 1 rounds (0.000 sec)
BEST SCORE FOUND : -425.830
Total tree length: 0.034

Total number of iterations: 170
CPU time used for tree search: 0.460 sec (0h:0m:0s)
Wall-clock time used for tree search: 0.186 sec (0h:0m:0s)
Total CPU time used: 0.487 sec (0h:0m:0s)
Total wall-clock time used: 0.200 sec (0h:0m:0s)

Analysis results written to: 
  IQ-TREE report:                /app/outputs/analyses/560/20250221T224139/between_profile_distances/C/clade_C_seqs.aligned.fasta.iqtree
  Maximum-likelihood tree:       /app/outputs/analyses/560/20250221T224139/between_profile_distances/C/clade_C_seqs.aligned.fasta.treefile
  Likelihood distances:          /app/outputs/analyses/560/20250221T224139/between_profile_distances/C/clade_C_seqs.aligned.fasta.mldist
  Screen log file:               /app/outputs/analyses/560/20250221T224139/between_profile_distances/C/clade_C_seqs.aligned.fasta.log

Date and Time: Fri Feb 21 16:44:10 2025
